[probmods.org/index.html]
[backblue.gif]
[fade.gif]
[index.html]
[probmods.org/assets/css/bootstrap.min.css]
[probmods.org/assets/css/bootstrap-theme.min.css]
[probmods.org/assets/css/default.css]
[probmods.org/assets/js/ga.js]
[probmods.org/assets/js/jquery.min.js]
[probmods.org/assets/js/bootstrap.min.js]
[probmods.org/assets/css/index.css]
[probmods.org/assets/js/index.js]
[probmods.org/chapters/introduction.html]
[probmods.org/chapters/generative-models.html]
[probmods.org/chapters/conditioning.html]
[probmods.org/chapters/dependence.html]
[probmods.org/chapters/conditional-dependence.html]
[probmods.org/chapters/bayesian-data-analysis.html]
[probmods.org/chapters/inference-algorithms.html]
[probmods.org/chapters/process-models.html]
[probmods.org/chapters/learning-as-conditional-inference.html]
[probmods.org/chapters/lot-learning.html]
[probmods.org/chapters/hierarchical-models.html]
[probmods.org/chapters/occams-razor.html]
[probmods.org/chapters/function-learning.html]
[probmods.org/chapters/mixture-models.html]
[probmods.org/chapters/social-cognition.html]
[probmods.org/chapters/appendix-js-basics.html]
[probmods.org/index.html]
[probmods.org/chapters/appendix-useful-distributions.html]
[probmods.org/assets/fonts/glyphicons-halflings-regular.eot]
[probmods.org/assets/fonts/glyphicons-halflings-regulard41d.eot]
[probmods.org/assets/fonts/glyphicons-halflings-regular.woff2]
[probmods.org/assets/fonts/glyphicons-halflings-regular.woff]
[probmods.org/assets/fonts/glyphicons-halflings-regular.ttf]
[probmods.org/assets/fonts/glyphicons-halflings-regular.svg]
[probmods.org/assets/css/bootstrap.min.css]
[probmods.org/assets/css/bootstrap-theme.min.css]
[probmods.org/assets/img/grey_wash_wall.png]
[probmods.org/assets/css/default.css]
[probmods.org/assets/css/index.css]
[probmods.org/assets/css/katex.min.css]
[probmods.org/assets/css/littlefoot.css]
[probmods.org/assets/css/webppl-viz.css]
[probmods.org/assets/css/webppl-editor.css]
[probmods.org/assets/js/katex.min.js]
[probmods.org/assets/js/littlefoot.min.js]
[probmods.org/assets/js/paper-full.js]
[probmods.org/assets/js/parse-bibtex.js]
[probmods.org/assets/js/chapter.js]
[probmods.org/readings/introduction.html]
[probmods.org/assets/js/webppl.min.js]
[probmods.org/assets/js/webppl-editor.min.js]
[probmods.org/chapters/introduction.html]
[probmods.org/assets/js/webppl-viz.min.js]
[probmods.org/assets/js/box2d.js]
[probmods.org/assets/js/physics.js]
[probmods.org/assets/js/plinko.js]
[probmods.org/readings/generative-models.html]
[probmods.org/chapters/generative-models.html]
[probmods.org/exercises/generative-models.html]
[probmods.org/assets/img/Cancer-world-tree.png]
[probmods.org/readings/conditioning.html]
[probmods.org/chapters/conditioning.html]
[probmods.org/exercises/conditioning.html]
[probmods.org/assets/img/Med-diag-bnet1.jpg]
[probmods.org/exercises/dependence.html]
[probmods.org/chapters/dependence.html]
[probmods.org/readings/dependence.html]
[probmods.org/assets/img/Checkershadow_illusion_small.png]
[probmods.org/assets/img/Checkershadow_proof_small.png]
[probmods.org/exercises/conditional-dependence.html]
[probmods.org/readings/conditional-dependence.html]
[probmods.org/chapters/conditional-dependence.html]
[probmods.org/assets/js/towData.js]
[probmods.org/assets/js/towConfigurations.js]
[probmods.org/exercises/bayesian-data-analysis.html]
[probmods.org/readings/bayesian-data-analysis.html]
[probmods.org/chapters/bayesian-data-analysis.html]
[probmods.org/assets/js/draw.js]
[probmods.org/assets/js/custom.js]
[probmods.org/assets/img/box.png]
[probmods.org/exercises/inference-algorithms.html]
[probmods.org/chapters/inference-algorithms.html]
[probmods.org/readings/inference-algorithms.html]
[probmods.org/exercises/process-models.html]
[probmods.org/readings/process-models.html]
[probmods.org/chapters/process-models.html]
[probmods.org/readings/learning-as-conditional-inference.html]
[probmods.org/chapters/learning-as-conditional-inference.html]
[probmods.org/exercises/learning-as-conditional-inference.html]
[probmods.org/assets/img/Medin54-bugs.png]
[probmods.org/readings/lot-learning.html]
[probmods.org/chapters/lot-learning.html]
[probmods.org/exercises/lot-learning.html]
[probmods.org/cdn-cgi/l/email-protection.html]
[probmods.org/assets/img/shape_bias_results_model.png]
[probmods.org/assets/img/nisbett_model_humans.png]
[probmods.org/assets/img/russ_model_graphical.png]
[probmods.org/assets/img/russ_results_categories.png]
[probmods.org/cdn-cgi/scripts/5c5dd728/cloudflare-static/email-decode.min.js]
[probmods.org/exercises/hierarchical-models.html]
[probmods.org/chapters/hierarchical-models.html]
[probmods.org/readings/hierarchical-models.html]
[probmods.org/assets/img/Curve_fitting.png]
[probmods.org/assets/img/blocks-world.png]
[probmods.org/assets/img/blocks.png]
[probmods.org/chapters/occams-razor.html]
[probmods.org/exercises/occams-razor.html]
[probmods.org/readings/function-learning.html]
[probmods.org/exercises/function-learning.html]
[probmods.org/chapters/function-learning.html]
[probmods.org/assets/img/Pme.png]
[probmods.org/chapters/mixture-models.html]
[probmods.org/exercises/mixture-models.html]
[probmods.org/assets/img/pedagogy-pic.png]
[probmods.org/readings/social-cognition.html]
[probmods.org/chapters/social-cognition.html]
[probmods.org/exercises/social-cognition.html]
[probmods.org/chapters/appendix-js-basics.html]
[probmods.org/chapters/appendix-useful-distributions.html]
[probmods.org/assets/fonts/glyphicons-halflings-regular.html]
[probmods.org/assets/fonts/glyphicons-halflings-regulard41d.html]
[probmods.org/assets/fonts/glyphicons-halflings-regular-2.html]
[probmods.org/assets/fonts/glyphicons-halflings-regular-3.html]
[probmods.org/assets/fonts/glyphicons-halflings-regular-4.html]
[probmods.org/assets/fonts/glyphicons-halflings-regular-5.html]
[probmods.org/exercises/appendix-js-basics.html]
[probmods.org/assets/css/fonts/KaTeX_AMS-Regular.eot]
[probmods.org/assets/css/fonts/KaTeX_AMS-Regular.woff2]
[probmods.org/assets/css/fonts/KaTeX_AMS-Regular.woff]
[probmods.org/assets/css/fonts/KaTeX_AMS-Regular.ttf]
[probmods.org/assets/css/fonts/KaTeX_Caligraphic-Bold.eot]
[probmods.org/assets/css/fonts/KaTeX_Caligraphic-Bold.woff2]
[probmods.org/assets/css/fonts/KaTeX_Caligraphic-Bold.woff]
[probmods.org/assets/css/fonts/KaTeX_Caligraphic-Bold.ttf]
[probmods.org/assets/css/fonts/KaTeX_Caligraphic-Regular.eot]
[probmods.org/assets/css/fonts/KaTeX_Caligraphic-Regular.woff2]
[probmods.org/assets/css/fonts/KaTeX_Caligraphic-Regular.woff]
[probmods.org/assets/css/fonts/KaTeX_Caligraphic-Regular.ttf]
[probmods.org/assets/css/fonts/KaTeX_Fraktur-Bold.eot]
[probmods.org/assets/css/fonts/KaTeX_Fraktur-Bold.woff2]
[probmods.org/assets/css/fonts/KaTeX_Fraktur-Bold.woff]
[probmods.org/assets/css/fonts/KaTeX_Fraktur-Bold.ttf]
[probmods.org/assets/css/fonts/KaTeX_Fraktur-Regular.eot]
[probmods.org/assets/css/fonts/KaTeX_Fraktur-Regular.woff2]
[probmods.org/assets/css/fonts/KaTeX_Fraktur-Regular.woff]
[probmods.org/assets/css/fonts/KaTeX_Fraktur-Regular.ttf]
[probmods.org/assets/css/fonts/KaTeX_Main-Bold.eot]
[probmods.org/assets/css/fonts/KaTeX_Main-Bold.woff2]
[probmods.org/assets/css/fonts/KaTeX_Main-Bold.woff]
[probmods.org/assets/css/fonts/KaTeX_Main-Bold.ttf]
[probmods.org/assets/css/fonts/KaTeX_Main-Italic.eot]
[probmods.org/assets/css/fonts/KaTeX_Main-Italic.woff2]
[probmods.org/assets/css/fonts/KaTeX_Main-Italic.woff]
[probmods.org/assets/css/fonts/KaTeX_Main-Italic.ttf]
[probmods.org/assets/css/fonts/KaTeX_Main-Regular.eot]
[probmods.org/assets/css/fonts/KaTeX_Main-Regular.woff2]
[probmods.org/assets/css/fonts/KaTeX_Main-Regular.woff]
[probmods.org/assets/css/fonts/KaTeX_Main-Regular.ttf]
[probmods.org/assets/css/fonts/KaTeX_Math-Italic.eot]
[probmods.org/assets/css/fonts/KaTeX_Math-Italic.woff2]
[probmods.org/assets/css/fonts/KaTeX_Math-Italic.woff]
[probmods.org/assets/css/fonts/KaTeX_Math-Italic.ttf]
[probmods.org/assets/css/fonts/KaTeX_SansSerif-Regular.eot]
[probmods.org/assets/css/fonts/KaTeX_SansSerif-Regular.woff2]
[probmods.org/assets/css/fonts/KaTeX_SansSerif-Regular.woff]
[probmods.org/assets/css/fonts/KaTeX_SansSerif-Regular.ttf]
[probmods.org/assets/css/fonts/KaTeX_Script-Regular.eot]
[probmods.org/assets/css/fonts/KaTeX_Script-Regular.woff2]
[probmods.org/assets/css/fonts/KaTeX_Script-Regular.woff]
[probmods.org/assets/css/fonts/KaTeX_Script-Regular.ttf]
[probmods.org/assets/css/fonts/KaTeX_Size1-Regular.eot]
[probmods.org/assets/css/fonts/KaTeX_Size1-Regular.woff2]
[probmods.org/assets/css/fonts/KaTeX_Size1-Regular.woff]
[probmods.org/assets/css/fonts/KaTeX_Size1-Regular.ttf]
[probmods.org/assets/css/fonts/KaTeX_Size2-Regular.eot]
[probmods.org/assets/css/fonts/KaTeX_Size2-Regular.woff2]
[probmods.org/assets/css/fonts/KaTeX_Size2-Regular.woff]
[probmods.org/assets/css/fonts/KaTeX_Size2-Regular.ttf]
[probmods.org/assets/css/fonts/KaTeX_Size3-Regular.eot]
[probmods.org/assets/css/fonts/KaTeX_Size3-Regular.woff2]
[probmods.org/assets/css/fonts/KaTeX_Size3-Regular.woff]
[probmods.org/assets/css/fonts/KaTeX_Size3-Regular.ttf]
[probmods.org/assets/css/fonts/KaTeX_Size4-Regular.eot]
[probmods.org/assets/css/fonts/KaTeX_Size4-Regular.woff2]
[probmods.org/assets/css/fonts/KaTeX_Size4-Regular.woff]
[probmods.org/assets/css/fonts/KaTeX_Size4-Regular.ttf]
[probmods.org/assets/css/fonts/KaTeX_Typewriter-Regular.eot]
[probmods.org/assets/css/fonts/KaTeX_Typewriter-Regular.woff2]
[probmods.org/assets/css/fonts/KaTeX_Typewriter-Regular.woff]
[probmods.org/assets/css/katex.min.css]
[probmods.org/assets/css/littlefoot.css]
[probmods.org/assets/css/webppl-viz.css]
[probmods.org/assets/css/webppl-editor.css]
[probmods.org/readings/introduction.html]
[probmods.org/assets/css/fonts/KaTeX_Typewriter-Regular.ttf]
[probmods.org/readings/13-appendix-js-basics.html]
[probmods.org/readings/generative-models.html]
[probmods.org/exercises/generative-models.html]
[probmods.org/readings/conditioning.html]
[probmods.org/assets/img/flip0.7.svg]
[probmods.org/chapters/02-generative-models.html]
[probmods.org/exercises/conditioning.html]
[probmods.org/exercises/dependence.html]
[probmods.org/readings/dependence.html]
[probmods.org/exercises/conditional-dependence.html]
[probmods.org/readings/conditional-dependence.html]
[probmods.org/chapters/14-bayesian-data-analysis.html]
[probmods.org/exercises/bayesian-data-analysis.html]
[probmods.org/readings/bayesian-data-analysis.html]
[probmods.org/exercises/inference-algorithms.html]
[probmods.org/readings/inference-algorithms.html]
[probmods.org/exercises/process-models.html]
[probmods.org/readings/process-models.html]
[probmods.org/readings/learning-as-conditional-inference.html]
[probmods.org/exercises/learning-as-conditional-inference.html]
[probmods.org/readings/lot-learning.html]
[probmods.org/exercises/lot-learning.html]
[probmods.org/cdn-cgi/l/email-protection.html]
[probmods.org/exercises/hierarchical-models.html]
[probmods.org/readings/hierarchical-models.html]
[probmods.org/exercises/occams-razor.html]
[probmods.org/readings/function-learning.html]
[probmods.org/exercises/function-learning.html]
[probmods.org/exercises/mixture-models.html]
[probmods.org/readings/social-cognition.html]
[probmods.org/exercises/social-cognition.html]
[probmods.org/exercises/appendix-js-basics.html]
[probmods.org/readings/13-appendix-js-basics.html]
[probmods.org/assets/img/flip0.7.svg]
[probmods.org/chapters/02-generative-models.html]
[probmods.org/chapters/14-bayesian-data-analysis.html]
[probmods.org/assets/img/tenenbaum_number_game.png]
